src/components/CategoryTabs.tsx(21,49): error TS2345: Argument of type 'number | undefined' is not assignable to parameter of type 'number'.
  Type 'undefined' is not assignable to type 'number'.
src/components/CustomerFormModal.tsx(3,50): error TS6133: 'FileText' is declared but its value is never read.
src/components/CustomerFormModal.tsx(37,34): error TS2345: Argument of type 'number | undefined' is not assignable to parameter of type 'number'.
  Type 'undefined' is not assignable to type 'number'.
src/components/CustomerFormModal.tsx(39,31): error TS2345: Argument of type '{ name: string; phone: string; email: string; address: string; city: string; state: string; pincode: string; }' is not assignable to parameter of type 'Omit<Customer, "id" | "totalPurchases" | "loyaltyPoints">'.
  Type '{ name: string; phone: string; email: string; address: string; city: string; state: string; pincode: string; }' is missing the following properties from type 'Omit<Customer, "id" | "totalPurchases" | "loyaltyPoints">': totalSpent, createdAt
src/components/ProductDetailModal.tsx(61,11): error TS6133: 'stockStatus' is declared but its value is never read.
src/components/Receipt.tsx(1,8): error TS6133: 'React' is declared but its value is never read.
src/components/StockAdjustmentModal.tsx(3,19): error TS6133: 'AlertTriangle' is declared but its value is never read.
src/components/StockAdjustmentModal.tsx(8,24): error TS6196: 'ProductVariant' is declared but never used.
src/components/StockAdjustmentModal.tsx(32,21): error TS2345: Argument of type 'number | undefined' is not assignable to parameter of type 'number'.
  Type 'undefined' is not assignable to type 'number'.
src/contexts/ProductContext.tsx(1,32): error TS6133: 'useContext' is declared but its value is never read.
src/screens/BillingScreen.tsx(1,36): error TS6133: 'useEffect' is declared but its value is never read.
src/screens/CustomerListScreen.tsx(122,73): error TS2345: Argument of type 'number | undefined' is not assignable to parameter of type 'number'.
  Type 'undefined' is not assignable to type 'number'.
src/screens/InventoryScreen.tsx(15,60): error TS2304: Cannot find name 'Product'.
src/screens/InventoryScreen.tsx(17,64): error TS2304: Cannot find name 'Product'.
src/screens/InventoryScreen.tsx(19,68): error TS2304: Cannot find name 'Product'.
src/screens/InventoryScreen.tsx(22,41): error TS2304: Cannot find name 'Product'.
src/screens/InventoryScreen.tsx(27,41): error TS2304: Cannot find name 'Product'.
src/screens/InventoryScreen.tsx(204,80): error TS2345: Argument of type 'number | undefined' is not assignable to parameter of type 'number'.
  Type 'undefined' is not assignable to type 'number'.
src/screens/PaymentScreen.tsx(75,58): error TS6133: 'index' is declared but its value is never read.
src/store/cartStore.ts(47,25): error TS2322: Type 'number | undefined' is not assignable to type 'number'.
  Type 'undefined' is not assignable to type 'number'.
src/utils/mockData.ts(1,41): error TS6196: 'StockStatus' is declared but never used.
